// Jest Snapshot v1, https://goo.gl/fbAQLP

exports[`Entry.js Tests Debe de pasar el snapshot 1`] = `[Function]`;
