// Jest Snapshot v1, https://goo.gl/fbAQLP

exports[`Fab.vue Tests Debe de pasar el snapshot 1`] = `[Function]`;
