// Jest Snapshot v1, https://goo.gl/fbAQLP

exports[`EntryView.vue Tests Debe de mostrar la entrada correctamente 1`] = `
<div class="entry-title p-2 d-flex justify-content-between">
  <div><span class="text-success fs-3 fw-bold">7</span><span class="mx-1 fs-3">Noviembre</span><span class="mx-2 fs-4 fw-light">2021, Domingo</span></div>
  <div><input type="file" accept="image/png, image/jpeg" style="display: none;"><button class="btn btn-danger mx-2"> Borrar <i class="fa fa-trash-alt"></i></button><button class="btn btn-primary mx-2"> Subir foto <i class="fa fa-upload"></i></button></div>
</div>
<hr>
<div class="d-flex flex-column px-3 h-75"><textarea placeholder="¿Qué sucedio hoy?"></textarea></div>
<fab-stub icon="fa-save"></fab-stub><img src="https://res.cloudinary.com/davicho/image/upload/v1636332235/h5cs9xvw8xzjniwdiqbz.jpg" alt="entry-picture" class="img-thumbnail">
<!--v-if-->
`;
