// Jest Snapshot v1, https://goo.gl/fbAQLP

exports[`About.vue tests Debe de renderizar el componente correctamente 1`] = `
<div class="about">
  <h1>This is an about page</h1>
</div>
`;
