// Jest Snapshot v1, https://goo.gl/fbAQLP

exports[`Home.vue tests Debe de renderizar el componente correctamente 1`] = `
<div class="home"><img alt="Vue logo" src="">
  <h1>Hola mundillo :3</h1><button class="btn btn-primary">Primary</button><button class="btn btn-secondary">Secondary</button><button class="btn btn-success">Success</button>
</div>
`;
